../Core/Src/main.c:121:6:HAL_UART_RxCpltCallback	16	static
../Core/Src/main.c:132:5:main	952	static
../Core/Src/main.c:353:6:SystemClock_Config	96	static
../Core/Src/main.c:404:13:MX_SPI1_Init	8	static
../Core/Src/main.c:444:13:MX_TIM2_Init	40	static
../Core/Src/main.c:489:13:MX_USART3_UART_Init	8	static
../Core/Src/main.c:535:13:MX_DMA_Init	16	static
../Core/Src/main.c:554:13:MX_GPIO_Init	56	static
../Core/Src/main.c:662:6:HAL_GPIO_EXTI_Callback	16	static
../Core/Src/main.c:834:6:Error_Handler	4	static,ignoring_inline_asm
